
> react-supabase-starter@0.0.0 build
> tsc -b && vite build

[36mvite v7.3.1 [32mbuilding client environment for production...[36m[39m
transforming...
[32mÔ£ô[39m 1751 modules transformed.
rendering chunks...
node.exe : [33m[plugin vite:reporter] 
In Zeile:1 Zeichen:1
+ & "C:\Program Files\nodejs/node.exe" 
"C:\Program Files\nodejs/node_mo ...
+ ~~~~~~~~~~~~~~~~~~~~~~~~~~~~~~~~~~~~~~~~~~~~~
~~~~~~~~~~~~~~~~~~~~~~~~
    + CategoryInfo          : NotSpecified: ( 
   [33m[plugin vite:reporter] :String) [], Re  
  moteException
    + FullyQualifiedErrorId : NativeCommandErr 
   or
 
(!) 
C:/Dirk/Codings/bedtime-stories/src/lib/api.ts 
is dynamically imported by C:/Dirk/Codings/bedt
ime-stories/src/components/StoryArchive.tsx, C:
/Dirk/Codings/bedtime-stories/src/store/useStor
e.ts, C:/Dirk/Codings/bedtime-stories/src/store
/useStore.ts, C:/Dirk/Codings/bedtime-stories/s
rc/store/useStore.ts, C:/Dirk/Codings/bedtime-s
tories/src/store/useStore.ts, C:/Dirk/Codings/b
edtime-stories/src/store/useStore.ts but also 
statically imported by C:/Dirk/Codings/bedtime-
stories/src/components/AccountScreen.tsx, C:/Di
rk/Codings/bedtime-stories/src/components/Audio
Companion.tsx, C:/Dirk/Codings/bedtime-stories/
src/components/ReaderLayer.tsx, C:/Dirk/Codings
/bedtime-stories/src/components/StoryArchive.ts
x, C:/Dirk/Codings/bedtime-stories/src/componen
ts/StoryCreator.tsx, C:/Dirk/Codings/bedtime-st
ories/src/store/useStore.ts, dynamic import 
will not move module into another chunk.
[39m
computing gzip size...
[2mdist/[22m[32mmanifest.webmanifest                        [39m[1m[2m  0.42 kB[22m[1m[22m
[2mdist/[22m[32mindex.html                                  [39m[1m[2m  1.33 kB[22m[1m[22m[2m Ôöé gzip:  0.63 kB[22m
[2mdist/[22m[35massets/index-iLayJEMn.css                   [39m[1m[2m 67.43 kB[22m[1m[22m[2m Ôöé gzip: 11.44 kB[22m
[2mdist/[22m[36massets/workbox-window.prod.es5-BIl4cyR9.js  [39m[1m[2m  5.76 kB[22m[1m[22m[2m Ôöé gzip:  2.37 kB[22m
[2mdist/[22m[36massets/index-DOQLZt_0.js                    [39m[1m[2m340.53 kB[22m[1m[22m[2m Ôöé gzip: 99.79 kB[22m
[32mÔ£ô built in 6.93s[39m

PWA v1.2.0
mode      generateSW
precache  8 entries (405.33 KiB)
files generated
  dist/sw.js
  dist/workbox-8c29f6e4.js
