DEBUG ENV: Found keys: ['POCKETBASE_URL', 'POCKETBASE_ADMIN_EMAIL', 'POCKETBASE_ADMIN_PASSWORD', 'KINDLE_EMAIL']
Testing story improvement (Anpassen)...
[generating_text] ▄berarbeite Geschichte (5 Min, 2 Kapitel)... (2%)

=== CRASH ===
Error: object NoneType can't be used in 'await' expression
